[hub.miraculous.to/home.html]
[backblue.gif]
[fade.gif]
[index.html]
[hub.miraculous.to/home.html]
[hub.miraculous.to/indexd64d.html]
[external.html]
[hub.miraculous.to/playbtn.png]
[hub.miraculous.to/homepagesdesign.css]
[miraculous.to/de/js/maven4.js]
[i.ibb.co/XScC3wL/logo.png]
[hub.miraculous.to/watchd78d.html]
[i.ibb.co/sJr38WH/426.jpg]
[hub.miraculous.to/watch48e0.html]
[i.ibb.co/kBqKvn3/425.jpg]
[hub.miraculous.to/thumbs/Miraculous/live.jpg]
[hub.miraculous.to/watch5481.html]
[hub.miraculous.to/img/Shanghai.jpg]
[hub.miraculous.to/watch7735.html]
[hub.miraculous.to/img/ny2.png]
[hub.miraculous.to/lazysizes.min.js]
[unpkg.com/ionicons@5.4.0/dist/ionicons.js]
[cdnjs.cloudflare.com/ajax/libs/jquery/3.3.1/jquery.min.js]
[hub.miraculous.to/menusupport.js]
[hub.miraculous.to/index.html]
[hub.miraculous.to/yum.pizza]
[cdnjs.cloudflare.com/ajax/libs/moment.js/2.23.0/moment.min.js]
[cdnjs.cloudflare.com/ajax/libs/moment-timezone/0.5.23/moment-timezone-with-data.js]
[cdnjs.cloudflare.com/ajax/libs/jquery.countdown/2.2.0/jquery.countdown.min.js]
[cdnjs.cloudflare.com/ajax/libs/gsap/3.3.4/gsap.min.js]
[cdnjs.cloudflare.com/ajax/libs/animejs/2.0.2/anime.min.js]
[hub.miraculous.to/indexd64d.html]
[hub.miraculous.to/homepagesdesign.css]
[hub.miraculous.to/coolcursor.min.js]
[hub.miraculous.to/css/jquery.min.js]
[hub.miraculous.to/css/bootstrap.min.css]
[hub.miraculous.to/css/bootstrap-reboot.min.css]
[hub.miraculous.to/css/bootstrap.min.js]
[use.fontawesome.com/releases/v5.7.1/css/all.css]
[hub.miraculous.to/css/netflixembed.css]
[hub.miraculous.to/fonts/Nunito-Bold.ttf]
[miraculous.to/flags/flag-en.jpg]
[miraculous.to/flags/flag-fr.jpg]
[miraculous.to/flags/flag-es.jpg]
[miraculous.to/flags/flag-la.jpg]
[miraculous.to/flags/flag-it.jpg]
[miraculous.to/flags/flag-de.jpg]
[miraculous.to/flags/flag-cz.jpg]
[miraculous.to/flags/flag-jp.jpg]
[miraculous.to/flags/flag-ar.jpg]
[code.jquery.com/jquery-3.2.1.js]
[use.fontawesome.com/b5bf1bd49e.js]
[hub.miraculous.to/index50d2.html]
[hub.miraculous.to/indexda86.html]
[hub.miraculous.to/index440a.html]
[cdn.jsdelivr.net/npm/mediaelement@4.2.16/build/mediaelement-and-player.min.js]
[hub.miraculous.to/index9920.html]
[cdn.jsdelivr.net/hls.js/latest/hls.js]
[hub.miraculous.to/ban2a3b.html]
[hub.miraculous.to/watchd78d.html]
[hub.miraculous.to/watch48e0.html]
[www.statcounter.com/counter/counter.js]
[i.ibb.co/4d021h2/Shanghai.jpg]
[hub.miraculous.to/watch5481.html]
[i.ibb.co/YDyhcsw/S0E01.jpg]
[hub.miraculous.to/watch7735.html]
[hub.miraculous.to/index.html]
[hub.miraculous.to/tv-shows/index.html]
[hub.miraculous.to/css/bootstrap.min.css]
[hub.miraculous.to/css/bootstrap-reboot.min.css]
[use.fontawesome.com/releases/v5.7.1/css/all.css]
[hub.miraculous.to/css/netflixembed.css]
[hub.miraculous.to/index50d2.html]
[hub.miraculous.to/indexda86.html]
[hub.miraculous.to/index440a.html]
[hub.miraculous.to/index9920.html]
[hub.miraculous.to/ban2a3b.html]
[www.statcounter.com/counter/counter.js]
[hub.miraculous.to/statcounter.com/localstorage/index.html]
[www.statcounter.com/counter/recorder.js]
[www.statcounter.com/counter/recorder.js]
